// Jest Snapshot v1, https://goo.gl/fbAQLP

exports[`Card Search query match snapshot 1`] = `
Object {
  "definitions": Array [
    Object {
      "directives": Array [],
      "kind": "OperationDefinition",
      "name": Object {
        "kind": "Name",
        "value": "cardSearchQuery",
      },
      "operation": "query",
      "selectionSet": Object {
        "kind": "SelectionSet",
        "selections": Array [
          Object {
            "alias": undefined,
            "arguments": Array [
              Object {
                "kind": "Argument",
                "name": Object {
                  "kind": "Name",
                  "value": "organizationId",
                },
                "value": Object {
                  "kind": "Variable",
                  "name": Object {
                    "kind": "Name",
                    "value": "organizationId",
                  },
                },
              },
              Object {
                "kind": "Argument",
                "name": Object {
                  "kind": "Name",
                  "value": "filter",
                },
                "value": Object {
                  "kind": "Variable",
                  "name": Object {
                    "kind": "Name",
                    "value": "filter",
                  },
                },
              },
              Object {
                "kind": "Argument",
                "name": Object {
                  "kind": "Name",
                  "value": "pipeIds",
                },
                "value": Object {
                  "kind": "Variable",
                  "name": Object {
                    "kind": "Name",
                    "value": "pipeIds",
                  },
                },
              },
              Object {
                "kind": "Argument",
                "name": Object {
                  "kind": "Name",
                  "value": "sortBy",
                },
                "value": Object {
                  "kind": "Variable",
                  "name": Object {
                    "kind": "Name",
                    "value": "sortBy",
                  },
                },
              },
              Object {
                "kind": "Argument",
                "name": Object {
                  "kind": "Name",
                  "value": "pagination",
                },
                "value": Object {
                  "kind": "Variable",
                  "name": Object {
                    "kind": "Name",
                    "value": "pagination",
                  },
                },
              },
            ],
            "directives": Array [],
            "kind": "Field",
            "name": Object {
              "kind": "Name",
              "value": "cardSearch",
            },
            "selectionSet": Object {
              "kind": "SelectionSet",
              "selections": Array [
                Object {
                  "alias": undefined,
                  "arguments": Array [],
                  "directives": Array [],
                  "kind": "Field",
                  "name": Object {
                    "kind": "Name",
                    "value": "cards",
                  },
                  "selectionSet": Object {
                    "kind": "SelectionSet",
                    "selections": Array [
                      Object {
                        "directives": Array [],
                        "kind": "FragmentSpread",
                        "name": Object {
                          "kind": "Name",
                          "value": "cardFragment",
                        },
                      },
                    ],
                  },
                },
                Object {
                  "alias": undefined,
                  "arguments": Array [],
                  "directives": Array [],
                  "kind": "Field",
                  "name": Object {
                    "kind": "Name",
                    "value": "count",
                  },
                  "selectionSet": undefined,
                },
                Object {
                  "alias": undefined,
                  "arguments": Array [],
                  "directives": Array [],
                  "kind": "Field",
                  "name": Object {
                    "kind": "Name",
                    "value": "nextPage",
                  },
                  "selectionSet": undefined,
                },
                Object {
                  "alias": undefined,
                  "arguments": Array [],
                  "directives": Array [],
                  "kind": "Field",
                  "name": Object {
                    "kind": "Name",
                    "value": "__typename",
                  },
                  "selectionSet": undefined,
                },
              ],
            },
          },
        ],
      },
      "variableDefinitions": Array [
        Object {
          "defaultValue": undefined,
          "kind": "VariableDefinition",
          "type": Object {
            "kind": "NonNullType",
            "type": Object {
              "kind": "NamedType",
              "name": Object {
                "kind": "Name",
                "value": "ID",
              },
            },
          },
          "variable": Object {
            "kind": "Variable",
            "name": Object {
              "kind": "Name",
              "value": "organizationId",
            },
          },
        },
        Object {
          "defaultValue": undefined,
          "kind": "VariableDefinition",
          "type": Object {
            "kind": "NamedType",
            "name": Object {
              "kind": "Name",
              "value": "OrganizationCardsFilter",
            },
          },
          "variable": Object {
            "kind": "Variable",
            "name": Object {
              "kind": "Name",
              "value": "filter",
            },
          },
        },
        Object {
          "defaultValue": undefined,
          "kind": "VariableDefinition",
          "type": Object {
            "kind": "NonNullType",
            "type": Object {
              "kind": "ListType",
              "type": Object {
                "kind": "NamedType",
                "name": Object {
                  "kind": "Name",
                  "value": "Int",
                },
              },
            },
          },
          "variable": Object {
            "kind": "Variable",
            "name": Object {
              "kind": "Name",
              "value": "pipeIds",
            },
          },
        },
        Object {
          "defaultValue": undefined,
          "kind": "VariableDefinition",
          "type": Object {
            "kind": "NonNullType",
            "type": Object {
              "kind": "NamedType",
              "name": Object {
                "kind": "Name",
                "value": "ReportSortDirectionInput",
              },
            },
          },
          "variable": Object {
            "kind": "Variable",
            "name": Object {
              "kind": "Name",
              "value": "sortBy",
            },
          },
        },
        Object {
          "defaultValue": undefined,
          "kind": "VariableDefinition",
          "type": Object {
            "kind": "NonNullType",
            "type": Object {
              "kind": "NamedType",
              "name": Object {
                "kind": "Name",
                "value": "ReportPaginationInput",
              },
            },
          },
          "variable": Object {
            "kind": "Variable",
            "name": Object {
              "kind": "Name",
              "value": "pagination",
            },
          },
        },
      ],
    },
    Object {
      "directives": Array [],
      "kind": "FragmentDefinition",
      "name": Object {
        "kind": "Name",
        "value": "cardFragment",
      },
      "selectionSet": Object {
        "kind": "SelectionSet",
        "selections": Array [
          Object {
            "alias": undefined,
            "arguments": Array [],
            "directives": Array [],
            "kind": "Field",
            "name": Object {
              "kind": "Name",
              "value": "id",
            },
            "selectionSet": undefined,
          },
          Object {
            "alias": undefined,
            "arguments": Array [],
            "directives": Array [],
            "kind": "Field",
            "name": Object {
              "kind": "Name",
              "value": "title",
            },
            "selectionSet": undefined,
          },
          Object {
            "alias": undefined,
            "arguments": Array [],
            "directives": Array [],
            "kind": "Field",
            "name": Object {
              "kind": "Name",
              "value": "due_date",
            },
            "selectionSet": undefined,
          },
          Object {
            "alias": undefined,
            "arguments": Array [],
            "directives": Array [],
            "kind": "Field",
            "name": Object {
              "kind": "Name",
              "value": "suid",
            },
            "selectionSet": undefined,
          },
          Object {
            "alias": undefined,
            "arguments": Array [],
            "directives": Array [],
            "kind": "Field",
            "name": Object {
              "kind": "Name",
              "value": "__typename",
            },
            "selectionSet": undefined,
          },
        ],
      },
      "typeCondition": Object {
        "kind": "NamedType",
        "name": Object {
          "kind": "Name",
          "value": "Card",
        },
      },
    },
  ],
  "kind": "Document",
  "loc": Object {
    "end": 558,
    "start": 0,
  },
}
`;
