// Jest Snapshot v1, https://goo.gl/fbAQLP

exports[`Card fragment match snapshot 1`] = `
Object {
  "definitions": Array [
    Object {
      "directives": Array [],
      "kind": "FragmentDefinition",
      "name": Object {
        "kind": "Name",
        "value": "cardFragment",
      },
      "selectionSet": Object {
        "kind": "SelectionSet",
        "selections": Array [
          Object {
            "alias": undefined,
            "arguments": Array [],
            "directives": Array [],
            "kind": "Field",
            "name": Object {
              "kind": "Name",
              "value": "id",
            },
            "selectionSet": undefined,
          },
          Object {
            "alias": undefined,
            "arguments": Array [],
            "directives": Array [],
            "kind": "Field",
            "name": Object {
              "kind": "Name",
              "value": "title",
            },
            "selectionSet": undefined,
          },
          Object {
            "alias": undefined,
            "arguments": Array [],
            "directives": Array [],
            "kind": "Field",
            "name": Object {
              "kind": "Name",
              "value": "due_date",
            },
            "selectionSet": undefined,
          },
          Object {
            "alias": undefined,
            "arguments": Array [],
            "directives": Array [],
            "kind": "Field",
            "name": Object {
              "kind": "Name",
              "value": "suid",
            },
            "selectionSet": undefined,
          },
          Object {
            "alias": undefined,
            "arguments": Array [],
            "directives": Array [],
            "kind": "Field",
            "name": Object {
              "kind": "Name",
              "value": "__typename",
            },
            "selectionSet": undefined,
          },
        ],
      },
      "typeCondition": Object {
        "kind": "NamedType",
        "name": Object {
          "kind": "Name",
          "value": "Card",
        },
      },
    },
  ],
  "kind": "Document",
  "loc": Object {
    "end": 93,
    "start": 0,
  },
}
`;
